MET1		NET		35		0
MET1		SPNET		35		0
MET1		PIN		61		2
MET1		LEFPIN		61		2
MET1		FILL		35		0
MET1		FILLOPC		35		0
MET1		VIA		35		0
MET1		VIAFILL		35		0
MET1		VIAFILLOPC		35		0
MET1		LEFOBS		35		0
NAME		MET1/NET		61		22
NAME		MET1/SPNET		61		22
NAME		MET1/PIN		61		2
NAME		MET1/LEFPIN		61		2
VIA1		PIN		36		1
VIA1		LEFPIN		36		1
VIA1		FILL		36		0
VIA1		FILLOPC		36		0
VIA1		VIA		36		0
VIA1		VIAFILL		36		0
VIA1		VIAFILLOPC		36		0
MET2		NET		37		0
MET2		SPNET		37		0
MET2		PIN		61		3
MET2		LEFPIN		61		3
MET2		FILL		37		0
MET2		FILLOPC		37		0
MET2		VIA		37		0
MET2		VIAFILL		37		0
MET2		VIAFILLOPC		37		0
MET2		LEFOBS		37		0
NAME		MET2/NET		61		23
NAME		MET2/SPNET		61		23
NAME		MET2/PIN		61		3
NAME		MET2/LEFPIN		61		3
VIA2		PIN		38		1
VIA2		LEFPIN		38		1
VIA2		FILL		38		0
VIA2		FILLOPC		38		0
VIA2		VIA		38		0
VIA2		VIAFILL		38		0
VIA2		VIAFILLOPC		38		0
MET3		NET		39		0
MET3		SPNET		39		0
MET3		PIN		61		4
MET3		LEFPIN		61		4
MET3		FILL		39		0
MET3		FILLOPC		39		0
MET3		VIA		39		0
MET3		VIAFILL		39		0
MET3		VIAFILLOPC		39		0
MET3		LEFOBS		39		0
NAME		MET3/NET		61		24
NAME		MET3/SPNET		61		24
NAME		MET3/PIN		61		4
NAME		MET3/LEFPIN		61		4
VIA3		PIN		41		1
VIA3		LEFPIN		41		1
VIA3		FILL		41		0
VIA3		FILLOPC		41		0
VIA3		VIA		41		0
VIA3		VIAFILL		41		0
VIA3		VIAFILLOPC		41		0
MET4		NET		42		0
MET4		SPNET		42		0
MET4		PIN		61		5
MET4		LEFPIN		61		5
MET4		FILL		42		0
MET4		FILLOPC		42		0
MET4		VIA		42		0
MET4		VIAFILL		42		0
MET4		VIAFILLOPC		42		0
MET4		LEFOBS		42		0
NAME		MET4/NET		61		25
NAME		MET4/SPNET		61		25
NAME		MET4/PIN		61		5
NAME		MET4/LEFPIN		61		5
DIEAREA		ALL		80		0
